// Jest Snapshot v1, https://goo.gl/fbAQLP

exports[`renders Tab correctly 1`] = `
<body>
  <div />
</body>
`;
